AutoDock Vina v1.2.5
#################################################################
# If you used AutoDock Vina in your work, please cite:          #
#                                                               #
# J. Eberhardt, D. Santos-Martins, A. F. Tillack, and S. Forli  #
# AutoDock Vina 1.2.0: New Docking Methods, Expanded Force      #
# Field, and Python Bindings, J. Chem. Inf. Model. (2021)       #
# DOI 10.1021/acs.jcim.1c00203                                  #
#                                                               #
# O. Trott, A. J. Olson,                                        #
# AutoDock Vina: improving the speed and accuracy of docking    #
# with a new scoring function, efficient optimization and       #
# multithreading, J. Comp. Chem. (2010)                         #
# DOI 10.1002/jcc.21334                                         #
#                                                               #
# Please see https://github.com/ccsb-scripps/AutoDock-Vina for  #
# more information.                                             #
#################################################################

Scoring function : vina
Rigid receptor: C:\Users\Fabian Alvarez-Primo\Documents\Github\DATA_ANALYTICS\bioinformatics\python_bio\Receptor_Design\RECEPTOR_DESIGN\output\receptor_s348t.pdbqt
Ligand: C:\Users\Fabian Alvarez-Primo\Documents\Github\DATA_ANALYTICS\bioinformatics\python_bio\Receptor_Design\RECEPTOR_DESIGN\output\escitalopram.pdbqt
Grid center: X 33.06 Y 187.25 Z 141.04
Grid size  : X 25 Y 25 Z 25
Grid space : 0.375
Exhaustiveness: 8
CPU: 0
Verbosity: 1

Computing Vina grid ... done.
Performing docking (random seed: -490087494) ... 
0%   10   20   30   40   50   60   70   80   90   100%
|----|----|----|----|----|----|----|----|----|----|
***************************************************

mode |   affinity | dist from best mode
     | (kcal/mol) | rmsd l.b.| rmsd u.b.
-----+------------+----------+----------
   1       -8.089          0          0
   2       -8.059      3.476      5.602
   3         -7.9      2.841      5.509
   4       -7.795      3.317      3.774
   5        -7.62      3.556      5.672
   6       -7.573      3.038      4.752
   7        -7.56      3.899      5.417
   8       -7.436      4.189      6.947
   9       -7.415      3.752      6.377
  10       -7.371       4.13      5.867
WARNING: At low exhaustiveness, it may be impossible to utilize all CPUs.
