AutoDock Vina v1.2.5
#################################################################
# If you used AutoDock Vina in your work, please cite:          #
#                                                               #
# J. Eberhardt, D. Santos-Martins, A. F. Tillack, and S. Forli  #
# AutoDock Vina 1.2.0: New Docking Methods, Expanded Force      #
# Field, and Python Bindings, J. Chem. Inf. Model. (2021)       #
# DOI 10.1021/acs.jcim.1c00203                                  #
#                                                               #
# O. Trott, A. J. Olson,                                        #
# AutoDock Vina: improving the speed and accuracy of docking    #
# with a new scoring function, efficient optimization and       #
# multithreading, J. Comp. Chem. (2010)                         #
# DOI 10.1002/jcc.21334                                         #
#                                                               #
# Please see https://github.com/ccsb-scripps/AutoDock-Vina for  #
# more information.                                             #
#################################################################

Scoring function : vina
Rigid receptor: C:\Users\Fabian Alvarez-Primo\Documents\Github\DATA_ANALYTICS\bioinformatics\python_bio\Receptor_Design\RECEPTOR_DESIGN\output\receptor_wt.pdbqt
Ligand: C:\Users\Fabian Alvarez-Primo\Documents\Github\DATA_ANALYTICS\bioinformatics\python_bio\Receptor_Design\RECEPTOR_DESIGN\output\escitalopram.pdbqt
Grid center: X 33.06 Y 187.25 Z 141.04
Grid size  : X 25 Y 25 Z 25
Grid space : 0.375
Exhaustiveness: 8
CPU: 0
Verbosity: 1

Computing Vina grid ... done.
Performing docking (random seed: 2108962376) ... 
0%   10   20   30   40   50   60   70   80   90   100%
|----|----|----|----|----|----|----|----|----|----|
***************************************************

mode |   affinity | dist from best mode
     | (kcal/mol) | rmsd l.b.| rmsd u.b.
-----+------------+----------+----------
   1       -8.116          0          0
   2       -8.031      3.481      5.612
   3       -7.774       3.34      3.802
   4       -7.722      2.521      5.711
   5        -7.66      3.284      4.776
   6       -7.647      3.421      5.459
   7       -7.613      4.322       6.64
   8        -7.56      3.216      6.395
   9        -7.52      3.885      5.482
  10       -7.459      3.556      5.532
WARNING: At low exhaustiveness, it may be impossible to utilize all CPUs.
